// Jest Snapshot v1, https://goo.gl/fbAQLP

exports[`BridgeStatusController constructor rehydrates the tx history state 1`] = `
Object {
  "bridgeTxMetaId1": Object {
    "account": "0xaccount1",
    "estimatedProcessingTimeInSeconds": 15,
    "hasApprovalTx": false,
    "initialDestAssetBalance": undefined,
    "pricingData": Object {
      "amountSent": "1.234",
      "amountSentInUsd": undefined,
      "quotedGasInUsd": undefined,
      "quotedReturnInUsd": undefined,
    },
    "quote": Object {
      "bridgeId": "lifi",
      "bridges": Array [
        "across",
      ],
      "destAsset": Object {
        "address": "0x0000000000000000000000000000000000000000",
        "chainId": 10,
        "coinKey": "ETH",
        "decimals": 18,
        "icon": "https://raw.githubusercontent.com/trustwallet/assets/master/blockchains/ethereum/assets/0xC02aaA39b223FE8D0A0e5C4F27eAD9083C756Cc2/logo.png",
        "logoURI": "https://raw.githubusercontent.com/trustwallet/assets/master/blockchains/ethereum/assets/0xC02aaA39b223FE8D0A0e5C4F27eAD9083C756Cc2/logo.png",
        "name": "ETH",
        "priceUSD": "2478.63",
        "symbol": "ETH",
      },
      "destChainId": 10,
      "destTokenAmount": "990654755978612",
      "feeData": Object {
        "metabridge": Object {
          "amount": "8750000000000",
          "asset": Object {
            "address": "0x0000000000000000000000000000000000000000",
            "chainId": 42161,
            "coinKey": "ETH",
            "decimals": 18,
            "icon": "https://raw.githubusercontent.com/trustwallet/assets/master/blockchains/ethereum/assets/0xC02aaA39b223FE8D0A0e5C4F27eAD9083C756Cc2/logo.png",
            "logoURI": "https://raw.githubusercontent.com/trustwallet/assets/master/blockchains/ethereum/assets/0xC02aaA39b223FE8D0A0e5C4F27eAD9083C756Cc2/logo.png",
            "name": "ETH",
            "priceUSD": "2478.7",
            "symbol": "ETH",
          },
        },
      },
      "requestId": "197c402f-cb96-4096-9f8c-54aed84ca776",
      "srcAsset": Object {
        "address": "0x0000000000000000000000000000000000000000",
        "chainId": 42161,
        "coinKey": "ETH",
        "decimals": 18,
        "icon": "https://raw.githubusercontent.com/trustwallet/assets/master/blockchains/ethereum/assets/0xC02aaA39b223FE8D0A0e5C4F27eAD9083C756Cc2/logo.png",
        "logoURI": "https://raw.githubusercontent.com/trustwallet/assets/master/blockchains/ethereum/assets/0xC02aaA39b223FE8D0A0e5C4F27eAD9083C756Cc2/logo.png",
        "name": "ETH",
        "priceUSD": "2478.7",
        "symbol": "ETH",
      },
      "srcChainId": 42161,
      "srcTokenAmount": "991250000000000",
      "steps": Array [
        Object {
          "action": "bridge",
          "destAmount": "990654755978612",
          "destAsset": Object {
            "address": "0x0000000000000000000000000000000000000000",
            "chainId": 10,
            "coinKey": "ETH",
            "decimals": 18,
            "icon": "https://raw.githubusercontent.com/trustwallet/assets/master/blockchains/ethereum/assets/0xC02aaA39b223FE8D0A0e5C4F27eAD9083C756Cc2/logo.png",
            "logoURI": "https://raw.githubusercontent.com/trustwallet/assets/master/blockchains/ethereum/assets/0xC02aaA39b223FE8D0A0e5C4F27eAD9083C756Cc2/logo.png",
            "name": "ETH",
            "priceUSD": "2478.63",
            "symbol": "ETH",
          },
          "destChainId": 10,
          "protocol": Object {
            "displayName": "Across",
            "icon": "https://raw.githubusercontent.com/lifinance/types/main/src/assets/icons/bridges/acrossv2.png",
            "name": "across",
          },
          "srcAmount": "991250000000000",
          "srcAsset": Object {
            "address": "0x0000000000000000000000000000000000000000",
            "chainId": 42161,
            "coinKey": "ETH",
            "decimals": 18,
            "icon": "https://raw.githubusercontent.com/trustwallet/assets/master/blockchains/ethereum/assets/0xC02aaA39b223FE8D0A0e5C4F27eAD9083C756Cc2/logo.png",
            "logoURI": "https://raw.githubusercontent.com/trustwallet/assets/master/blockchains/ethereum/assets/0xC02aaA39b223FE8D0A0e5C4F27eAD9083C756Cc2/logo.png",
            "name": "ETH",
            "priceUSD": "2478.7",
            "symbol": "ETH",
          },
          "srcChainId": 42161,
        },
      ],
    },
    "slippagePercentage": 0,
    "startTime": 1729964825189,
    "status": Object {
      "srcChain": Object {
        "chainId": 42161,
        "txHash": "0xsrcTxHash1",
      },
      "status": "PENDING",
    },
    "targetContractAddress": "0x23981fC34e69eeDFE2BD9a0a9fCb0719Fe09DbFC",
    "txMetaId": "bridgeTxMetaId1",
  },
}
`;

exports[`BridgeStatusController startPollingForBridgeTxStatus sets the inital tx history state 1`] = `
Object {
  "bridgeTxMetaId1": Object {
    "account": "0xaccount1",
    "estimatedProcessingTimeInSeconds": 15,
    "hasApprovalTx": false,
    "initialDestAssetBalance": undefined,
    "pricingData": Object {
      "amountSent": "1.234",
      "amountSentInUsd": undefined,
      "quotedGasInUsd": undefined,
      "quotedReturnInUsd": undefined,
    },
    "quote": Object {
      "bridgeId": "lifi",
      "bridges": Array [
        "across",
      ],
      "destAsset": Object {
        "address": "0x0000000000000000000000000000000000000000",
        "chainId": 10,
        "coinKey": "ETH",
        "decimals": 18,
        "icon": "https://raw.githubusercontent.com/trustwallet/assets/master/blockchains/ethereum/assets/0xC02aaA39b223FE8D0A0e5C4F27eAD9083C756Cc2/logo.png",
        "logoURI": "https://raw.githubusercontent.com/trustwallet/assets/master/blockchains/ethereum/assets/0xC02aaA39b223FE8D0A0e5C4F27eAD9083C756Cc2/logo.png",
        "name": "ETH",
        "priceUSD": "2478.63",
        "symbol": "ETH",
      },
      "destChainId": 10,
      "destTokenAmount": "990654755978612",
      "feeData": Object {
        "metabridge": Object {
          "amount": "8750000000000",
          "asset": Object {
            "address": "0x0000000000000000000000000000000000000000",
            "chainId": 42161,
            "coinKey": "ETH",
            "decimals": 18,
            "icon": "https://raw.githubusercontent.com/trustwallet/assets/master/blockchains/ethereum/assets/0xC02aaA39b223FE8D0A0e5C4F27eAD9083C756Cc2/logo.png",
            "logoURI": "https://raw.githubusercontent.com/trustwallet/assets/master/blockchains/ethereum/assets/0xC02aaA39b223FE8D0A0e5C4F27eAD9083C756Cc2/logo.png",
            "name": "ETH",
            "priceUSD": "2478.7",
            "symbol": "ETH",
          },
        },
      },
      "requestId": "197c402f-cb96-4096-9f8c-54aed84ca776",
      "srcAsset": Object {
        "address": "0x0000000000000000000000000000000000000000",
        "chainId": 42161,
        "coinKey": "ETH",
        "decimals": 18,
        "icon": "https://raw.githubusercontent.com/trustwallet/assets/master/blockchains/ethereum/assets/0xC02aaA39b223FE8D0A0e5C4F27eAD9083C756Cc2/logo.png",
        "logoURI": "https://raw.githubusercontent.com/trustwallet/assets/master/blockchains/ethereum/assets/0xC02aaA39b223FE8D0A0e5C4F27eAD9083C756Cc2/logo.png",
        "name": "ETH",
        "priceUSD": "2478.7",
        "symbol": "ETH",
      },
      "srcChainId": 42161,
      "srcTokenAmount": "991250000000000",
      "steps": Array [
        Object {
          "action": "bridge",
          "destAmount": "990654755978612",
          "destAsset": Object {
            "address": "0x0000000000000000000000000000000000000000",
            "chainId": 10,
            "coinKey": "ETH",
            "decimals": 18,
            "icon": "https://raw.githubusercontent.com/trustwallet/assets/master/blockchains/ethereum/assets/0xC02aaA39b223FE8D0A0e5C4F27eAD9083C756Cc2/logo.png",
            "logoURI": "https://raw.githubusercontent.com/trustwallet/assets/master/blockchains/ethereum/assets/0xC02aaA39b223FE8D0A0e5C4F27eAD9083C756Cc2/logo.png",
            "name": "ETH",
            "priceUSD": "2478.63",
            "symbol": "ETH",
          },
          "destChainId": 10,
          "protocol": Object {
            "displayName": "Across",
            "icon": "https://raw.githubusercontent.com/lifinance/types/main/src/assets/icons/bridges/acrossv2.png",
            "name": "across",
          },
          "srcAmount": "991250000000000",
          "srcAsset": Object {
            "address": "0x0000000000000000000000000000000000000000",
            "chainId": 42161,
            "coinKey": "ETH",
            "decimals": 18,
            "icon": "https://raw.githubusercontent.com/trustwallet/assets/master/blockchains/ethereum/assets/0xC02aaA39b223FE8D0A0e5C4F27eAD9083C756Cc2/logo.png",
            "logoURI": "https://raw.githubusercontent.com/trustwallet/assets/master/blockchains/ethereum/assets/0xC02aaA39b223FE8D0A0e5C4F27eAD9083C756Cc2/logo.png",
            "name": "ETH",
            "priceUSD": "2478.7",
            "symbol": "ETH",
          },
          "srcChainId": 42161,
        },
      ],
    },
    "slippagePercentage": 0,
    "startTime": 1729964825189,
    "status": Object {
      "srcChain": Object {
        "chainId": 42161,
        "txHash": "0xsrcTxHash1",
      },
      "status": "PENDING",
    },
    "targetContractAddress": "0x23981fC34e69eeDFE2BD9a0a9fCb0719Fe09DbFC",
    "txMetaId": "bridgeTxMetaId1",
  },
}
`;
